c1,c2
"divisor""1""2"
"divisor""1""2""3"
"divisor""1""2""3""4""5"
"divisor""1""2"